digraph {
    0 [label="\"\""];
    1 [label="\"\""];
    2 [label="\"\""];
    3 [label="\"\""];
    4 [label="\"\""];
    5 [label="\"\""];
    6 [label="\"\""];
    7 [label="\"\""];
    8 [label="\"\""];
    9 [label="\"Thermobius\""];
    10 [label="\"Rhiphicephalus\""];
    11 [label="\"\""];
    12 [label="\"Aportus\""];
    13 [label="\"Alentus\""];
    14 [label="\"Vonones\""];
    15 [label="\"Amblypygid\""];
    16 [label="\"\""];
    17 [label="\"Limulus\""];
    18 [label="\"Chanbria\""];
    19 [label="\"\""];
    20 [label="\"\""];
    21 [label="\"Pauroctonus\""];
    22 [label="\"Hadrurus\""];
    23 [label="\"Centruoides\""];
    24 [label="\"\""];
    25 [label="\"\""];
    26 [label="\"Thelichoris\""];
    27 [label="\"Hypochilus\""];
    28 [label="\"Mastigoproctus\""];
    29 [label="\"Gea\""];
    30 [label="\"\""];
    31 [label="\"Americhernus\""];
    32 [label="\"Artemia\""];
    0 -> 1 [label="\"\""];
    0 -> 30 [label="\"\""];
    1 -> 2 [label="\"\""];
    1 -> 29 [label="\"\""];
    2 -> 3 [label="\"\""];
    2 -> 24 [label="\"\""];
    3 -> 4 [label="\"\""];
    3 -> 19 [label="\"\""];
    4 -> 5 [label="\"\""];
    4 -> 16 [label="\"\""];
    5 -> 6 [label="\"\""];
    5 -> 15 [label="\"\""];
    6 -> 7 [label="\"\""];
    6 -> 14 [label="\"\""];
    7 -> 8 [label="\"\""];
    7 -> 11 [label="\"\""];
    8 -> 9 [label="\"\""];
    8 -> 10 [label="\"\""];
    11 -> 12 [label="\"\""];
    11 -> 13 [label="\"\""];
    16 -> 17 [label="\"\""];
    16 -> 18 [label="\"\""];
    19 -> 20 [label="\"\""];
    19 -> 23 [label="\"\""];
    20 -> 21 [label="\"\""];
    20 -> 22 [label="\"\""];
    24 -> 25 [label="\"\""];
    24 -> 28 [label="\"\""];
    25 -> 26 [label="\"\""];
    25 -> 27 [label="\"\""];
    30 -> 31 [label="\"\""];
    30 -> 32 [label="\"\""];
}
